row 4 has empty product_name
row 6 had a duplicate transaction id
row 7 has invalid quantity
row 10 has invalid unit_price
